// Jest Snapshot v1, https://goo.gl/fbAQLP

exports[`Divider should render correctly (snapshot) 1`] = `
<div>
  <div
    class="ant-divider ant-divider-horizontal ant-divider-with-text ant-divider-with-text-center mx-0 my-12 font-extrabold"
    role="separator"
  >
    <span
      class="ant-divider-inner-text"
    >
      Divider
    </span>
  </div>
</div>
`;
