// Jest Snapshot v1, https://goo.gl/fbAQLP

exports[`Header should render correctly (snapshot) 1`] = `
<div>
  <div>
    <div
      class="ant-row ant-row-center ant-row-middle md:hidden"
    >
      <div
        class="ant-col ant-col-8 ant-col-offset-8 flex-container"
      >
        <a
          href="/"
        >
          <span
            style="box-sizing: border-box; display: inline-block; overflow: hidden; background: none; opacity: 1; border: 0px; margin: 0px; padding: 0px; position: relative; max-width: 100%;"
          >
            <span
              style="box-sizing: border-box; display: block; background: none; opacity: 1; border: 0px; margin: 0px; padding: 0px; max-width: 100%;"
            >
              <img
                alt=""
                aria-hidden="true"
                src="data:image/svg+xml,%3csvg%20xmlns=%27http://www.w3.org/2000/svg%27%20version=%271.1%27%20width=%2796%27%20height=%2796%27/%3e"
                style="display: block; max-width: 100%; background: none; opacity: 1; border: 0px; margin: 0px; padding: 0px;"
              />
            </span>
            <img
              alt="Logo"
              data-nimg="intrinsic"
              decoding="async"
              src="data:image/gif;base64,R0lGODlhAQABAIAAAAAAAP///yH5BAEAAAAALAAAAAABAAEAAAIBRAA7"
              style="position: absolute; top: 0px; left: 0px; bottom: 0px; right: 0px; box-sizing: border-box; padding: 0px; margin: auto; display: block; width: 0px; height: 0px; min-width: 100%; max-width: 100%; min-height: 100%; max-height: 100%;"
            />
            <noscript />
          </span>
        </a>
      </div>
      <div
        class="ant-col ant-col-8 flex-container"
      >
        <span
          aria-label="bars"
          class="anticon anticon-bars text-5xl text-primary"
          role="img"
          tabindex="-1"
        >
          <svg
            aria-hidden="true"
            data-icon="bars"
            fill="currentColor"
            focusable="false"
            height="1em"
            viewBox="0 0 1024 1024"
            width="1em"
          >
            <path
              d="M912 192H328c-4.4 0-8 3.6-8 8v56c0 4.4 3.6 8 8 8h584c4.4 0 8-3.6 8-8v-56c0-4.4-3.6-8-8-8zm0 284H328c-4.4 0-8 3.6-8 8v56c0 4.4 3.6 8 8 8h584c4.4 0 8-3.6 8-8v-56c0-4.4-3.6-8-8-8zm0 284H328c-4.4 0-8 3.6-8 8v56c0 4.4 3.6 8 8 8h584c4.4 0 8-3.6 8-8v-56c0-4.4-3.6-8-8-8zM104 228a56 56 0 10112 0 56 56 0 10-112 0zm0 284a56 56 0 10112 0 56 56 0 10-112 0zm0 284a56 56 0 10112 0 56 56 0 10-112 0z"
            />
          </svg>
        </span>
      </div>
    </div>
    <ul
      class="ant-menu-overflow ant-menu ant-menu-root ant-menu-horizontal ant-menu-light fixed top-0 z-100 w-full font-extrabold bg-transparent border-transparent transition transform-gpu hidden md:visible md:flex bg-gradient-primary"
      data-menu-list="true"
      role="menu"
      tabindex="0"
    >
      <a
        class="flex-container ml-auto mr-6 transition transform-gpu scale-100"
        href="/"
      >
        <span
          style="box-sizing: border-box; display: inline-block; overflow: hidden; background: none; opacity: 1; border: 0px; margin: 0px; padding: 0px; position: relative; max-width: 100%;"
        >
          <span
            style="box-sizing: border-box; display: block; background: none; opacity: 1; border: 0px; margin: 0px; padding: 0px; max-width: 100%;"
          >
            <img
              alt=""
              aria-hidden="true"
              src="data:image/svg+xml,%3csvg%20xmlns=%27http://www.w3.org/2000/svg%27%20version=%271.1%27%20width=%2796%27%20height=%2796%27/%3e"
              style="display: block; max-width: 100%; background: none; opacity: 1; border: 0px; margin: 0px; padding: 0px;"
            />
          </span>
          <img
            alt="Logo"
            data-nimg="intrinsic"
            decoding="async"
            src="data:image/gif;base64,R0lGODlhAQABAIAAAAAAAP///yH5BAEAAAAALAAAAAABAAEAAAIBRAA7"
            style="position: absolute; top: 0px; left: 0px; bottom: 0px; right: 0px; box-sizing: border-box; padding: 0px; margin: auto; display: block; width: 0px; height: 0px; min-width: 100%; max-width: 100%; min-height: 100%; max-height: 100%;"
          />
          <noscript />
        </span>
      </a>
      <li
        class="ant-menu-overflow-item ant-menu-item ant-menu-item-only-child flex-container transition transform-gpu translate-x-0"
        role="menuitem"
        style="opacity: 1; order: 1;"
        tabindex="-1"
      >
        <span
          class="ant-menu-title-content"
        >
          <a
            class="transition-none text-light"
            href="/posts"
          >
            Posts
          </a>
        </span>
      </li>
      <li
        class="ant-menu-overflow-item ant-menu-item ant-menu-item-only-child flex-container transition transform-gpu translate-x-0"
        role="menuitem"
        style="opacity: 1; order: 2;"
        tabindex="-1"
      >
        <span
          class="ant-menu-title-content"
        >
          <a
            class="transition-none text-light"
            href="/tags"
          >
            Tags
          </a>
        </span>
      </li>
      <li
        class="ant-menu-overflow-item ant-menu-item ant-menu-item-only-child flex-container transition transform-gpu translate-x-0"
        role="menuitem"
        style="opacity: 1; order: 3;"
        tabindex="-1"
      >
        <span
          class="ant-menu-title-content"
        >
          <a
            class="transition-none text-light"
            href="/books"
          >
            Books
          </a>
        </span>
      </li>
      <li
        class="ant-menu-overflow-item ant-menu-item ant-menu-item-only-child flex-container transition transform-gpu translate-x-0"
        role="menuitem"
        style="opacity: 1; order: 4;"
        tabindex="-1"
      >
        <span
          class="ant-menu-title-content"
        >
          <a
            class="transition-none text-light"
            href="/about"
          >
            About
          </a>
        </span>
      </li>
      <li
        class="ant-menu-overflow-item ant-menu-item ant-menu-item-only-child flex-container ml-auto mr-64 border-transparent transition transform-gpu translate-x-0"
        role="menuitem"
        style="opacity: 1; order: 5;"
        tabindex="-1"
      >
        <span
          class="ant-menu-title-content"
        >
          <div
            class="ant-select ant-select-auto-complete flex-container ant-select-single ant-select-customize-input ant-select-show-search"
          >
            <div
              class="ant-select-selector"
            >
              <span
                class="ant-select-selection-search"
              >
                <span
                  class="ant-input-affix-wrapper ant-select-selection-search-input"
                >
                  <span
                    class="ant-input-prefix"
                  >
                    <span
                      aria-label="search"
                      class="anticon anticon-search"
                      role="img"
                    >
                      <svg
                        aria-hidden="true"
                        data-icon="search"
                        fill="currentColor"
                        focusable="false"
                        height="1em"
                        viewBox="64 64 896 896"
                        width="1em"
                      >
                        <path
                          d="M909.6 854.5L649.9 594.8C690.2 542.7 712 479 712 412c0-80.2-31.3-155.4-87.9-212.1-56.6-56.7-132-87.9-212.1-87.9s-155.5 31.3-212.1 87.9C143.2 256.5 112 331.8 112 412c0 80.1 31.3 155.5 87.9 212.1C256.5 680.8 331.8 712 412 712c67 0 130.6-21.8 182.7-62l259.7 259.6a8.2 8.2 0 0011.6 0l43.6-43.5a8.2 8.2 0 000-11.6zM570.4 570.4C528 612.7 471.8 636 412 636s-116-23.3-158.4-65.6C211.3 528 188 471.8 188 412s23.3-116.1 65.6-158.4C296 211.3 352.2 188 412 188s116.1 23.2 158.4 65.6S636 352.2 636 412s-23.3 116.1-65.6 158.4z"
                        />
                      </svg>
                    </span>
                  </span>
                  <input
                    aria-activedescendant="rc_select_TEST_OR_SSR_list_0"
                    aria-autocomplete="list"
                    aria-controls="rc_select_TEST_OR_SSR_list"
                    aria-haspopup="listbox"
                    aria-owns="rc_select_TEST_OR_SSR_list"
                    autocomplete="off"
                    class="ant-input"
                    id="rc_select_TEST_OR_SSR"
                    placeholder="Search Posts ..."
                    role="combobox"
                    type="search"
                    value=""
                  />
                  <span
                    class="ant-input-suffix"
                  >
                    <span
                      class="ant-input-clear-icon ant-input-clear-icon-hidden"
                      role="button"
                      tabindex="-1"
                    >
                      <span
                        aria-label="close-circle"
                        class="anticon anticon-close-circle"
                        role="img"
                      >
                        <svg
                          aria-hidden="true"
                          data-icon="close-circle"
                          fill="currentColor"
                          focusable="false"
                          height="1em"
                          viewBox="64 64 896 896"
                          width="1em"
                        >
                          <path
                            d="M512 64C264.6 64 64 264.6 64 512s200.6 448 448 448 448-200.6 448-448S759.4 64 512 64zm165.4 618.2l-66-.3L512 563.4l-99.3 118.4-66.1.3c-4.4 0-8-3.5-8-8 0-1.9.7-3.7 1.9-5.2l130.1-155L340.5 359a8.32 8.32 0 01-1.9-5.2c0-4.4 3.6-8 8-8l66.1.3L512 464.6l99.3-118.4 66-.3c4.4 0 8 3.5 8 8 0 1.9-.7 3.7-1.9 5.2L553.5 514l130 155c1.2 1.5 1.9 3.3 1.9 5.2 0 4.4-3.6 8-8 8z"
                          />
                        </svg>
                      </span>
                    </span>
                  </span>
                </span>
              </span>
              <span
                class="ant-select-selection-placeholder"
              />
            </div>
          </div>
        </span>
      </li>
      <li
        aria-hidden="true"
        class="ant-menu-overflow-item ant-menu-overflow-item-rest ant-menu-submenu ant-menu-submenu-horizontal"
        role="none"
        style="opacity: 0; height: 0px; overflow-y: hidden; order: 9007199254740991; pointer-events: none; position: absolute;"
      >
        <div
          aria-controls="rc-menu-uuid-test-rc-menu-more-popup"
          aria-expanded="false"
          aria-haspopup="true"
          class="ant-menu-submenu-title"
          data-menu-id="rc-menu-uuid-test-rc-menu-more"
          role="menuitem"
          tabindex="-1"
        >
          <span
            aria-label="ellipsis"
            class="anticon anticon-ellipsis"
            role="img"
          >
            <svg
              aria-hidden="true"
              data-icon="ellipsis"
              fill="currentColor"
              focusable="false"
              height="1em"
              viewBox="64 64 896 896"
              width="1em"
            >
              <path
                d="M176 511a56 56 0 10112 0 56 56 0 10-112 0zm280 0a56 56 0 10112 0 56 56 0 10-112 0zm280 0a56 56 0 10112 0 56 56 0 10-112 0z"
              />
            </svg>
          </span>
          <i
            class="ant-menu-submenu-arrow"
          />
        </div>
      </li>
    </ul>
    <div
      aria-hidden="true"
      style="display: none;"
    >
      <a
        class="flex-container ml-auto mr-6 transition transform-gpu scale-100"
        href="/"
      >
        <span
          style="box-sizing: border-box; display: inline-block; overflow: hidden; background: none; opacity: 1; border: 0px; margin: 0px; padding: 0px; position: relative; max-width: 100%;"
        >
          <span
            style="box-sizing: border-box; display: block; background: none; opacity: 1; border: 0px; margin: 0px; padding: 0px; max-width: 100%;"
          >
            <img
              alt=""
              aria-hidden="true"
              src="data:image/svg+xml,%3csvg%20xmlns=%27http://www.w3.org/2000/svg%27%20version=%271.1%27%20width=%2796%27%20height=%2796%27/%3e"
              style="display: block; max-width: 100%; background: none; opacity: 1; border: 0px; margin: 0px; padding: 0px;"
            />
          </span>
          <img
            alt="Logo"
            data-nimg="intrinsic"
            decoding="async"
            src="data:image/gif;base64,R0lGODlhAQABAIAAAAAAAP///yH5BAEAAAAALAAAAAABAAEAAAIBRAA7"
            style="position: absolute; top: 0px; left: 0px; bottom: 0px; right: 0px; box-sizing: border-box; padding: 0px; margin: auto; display: block; width: 0px; height: 0px; min-width: 100%; max-width: 100%; min-height: 100%; max-height: 100%;"
          />
          <noscript />
        </span>
      </a>
    </div>
  </div>
</div>
`;
