// Vitest Snapshot v1, https://vitest.dev/guide/snapshot.html

exports[`TypingTitle > should render correctly (snapshot) 1`] = `
<div>
  <div
    class="typing-title-container mx-auto my-0 h-auto w-full px-0 py-0 text-center text-5xl font-extrabold lg:text-9xl"
  >
    <span
      role="main"
    />
  </div>
</div>
`;
