// Jest Snapshot v1, https://goo.gl/fbAQLP

exports[`typingTitle should render correctly (snapshot) 1`] = `
<div>
  <div
    class="typing-title-container mx-auto my-0 h-auto w-full px-0 py-0 text-center text-5xl font-extrabold lg:text-9xl"
  >
    <span
      role="main"
    />
    <span
      aria-hidden="true"
      class="typed-cursor"
    >
      |
    </span>
  </div>
</div>
`;
