// Jest Snapshot v1, https://goo.gl/fbAQLP

exports[`ArticleToc should render correctly (snapshot) 1`] = `
<div>
  <div
    class="toc"
  >
    <div>
      <div
        class=""
      >
        <div
          class="css-dev-only-do-not-override-j0nf2s ant-anchor-wrapper"
          style="max-height: calc(100vh - 150px);"
        >
          <div
            class="ant-anchor"
          >
            <span
              class="ant-anchor-ink"
            />
          </div>
        </div>
      </div>
    </div>
  </div>
</div>
`;
