// Jest Snapshot v1, https://goo.gl/fbAQLP

exports[`ArticleToc should render correctly (snapshot) 1`] = `
<div>
  <div>
    <div
      class=""
    >
      <div
        class="ant-anchor-wrapper toc"
        style="max-height: 100vh;"
      >
        <div
          class="ant-anchor"
        >
          <div
            class="ant-anchor-ink"
          >
            <span
              class="ant-anchor-ink-ball"
            />
          </div>
        </div>
      </div>
    </div>
  </div>
</div>
`;
