// Jest Snapshot v1, https://goo.gl/fbAQLP

exports[`LandingLayout should render correctly (snapshot) 1`] = `
<div>
  <div>
    <div
      class="flex-col w-full h-screen p-0 m-0 overflow-x-hidden overflow-y-auto bg-center bg-no-repeat bg-cover text-light  flex-container"
      style="background-image: url(/img.jpg);"
    >
      <div>
        LandingLayout
      </div>
    </div>
  </div>
</div>
`;
