// Jest Snapshot v1, https://goo.gl/fbAQLP

exports[`LandingLayout should render correctly (snapshot) 1`] = `
<div>
  <div>
    <div
      class="flex-container m-0 h-screen w-full flex-col overflow-y-auto overflow-x-hidden bg-cover bg-center bg-no-repeat p-0 text-light"
      style="background-image: url(/img.jpg);"
    >
      <div>
        LandingLayout
      </div>
    </div>
  </div>
</div>
`;
