// Jest Snapshot v1, https://goo.gl/fbAQLP

exports[`LandingNav should render routes correctly (snapshot) 1`] = `
<div>
  <nav
    class="fixed top-0 left-0 z-20 flex flex-col items-center justify-center w-full h-full"
    role="navigation"
    style="transform: translateX(-100%) translateZ(0);"
  >
    <div
      class="inline-flex mb-16"
      style="opacity: 0; transform: translateX(20px) translateZ(0);"
    >
      <span
        class="block px-0 pt-0 pb-3 mx-6 my-0 border-solid border-b-6 border-light text-4xl font-extrabold leading-none cursor-pointer text-light md:text-7xl"
        role="link"
      >
        <a>
          Posts
        </a>
      </span>
    </div>
    <div
      class="inline-flex mb-16"
      style="opacity: 0; transform: translateX(20px) translateZ(0);"
    >
      <span
        class="block px-0 pt-0 pb-3 mx-6 my-0 border-solid border-b-6 border-light text-4xl font-extrabold leading-none cursor-pointer text-light md:text-7xl"
        role="link"
      >
        <a>
          Tags
        </a>
      </span>
    </div>
    <div
      class="inline-flex mb-16"
      style="opacity: 0; transform: translateX(20px) translateZ(0);"
    >
      <span
        class="block px-0 pt-0 pb-3 mx-6 my-0 border-solid border-b-6 border-light text-4xl font-extrabold leading-none cursor-pointer text-light md:text-7xl"
        role="link"
      >
        <a>
          Books
        </a>
      </span>
    </div>
    <div
      class="inline-flex mb-16"
      style="opacity: 0; transform: translateX(20px) translateZ(0);"
    >
      <span
        class="block px-0 pt-0 pb-3 mx-6 my-0 border-solid border-b-6 border-light text-4xl font-extrabold leading-none cursor-pointer text-light md:text-7xl"
        role="link"
      >
        <a>
          About
        </a>
      </span>
    </div>
  </nav>
  <div
    class="fixed bg-transparent border-none cursor-pointer top-12 left-12 z-100"
    role="button"
    tabindex="0"
  >
    <span
      aria-label="Hamburger"
      class="anticon text-lg font-extrabold md:text-4xl text-light"
      role="img"
    >
      <svg
        fill="currentColor"
        height="2em"
        p-id="7522"
        viewBox="0 0 1024 1024"
        width="2em"
      >
        <path
          d="M904 160H120c-4.4 0-8 3.6-8 8v64c0 4.4 3.6 8 8 8h784c4.4 0 8-3.6 8-8v-64c0-4.4-3.6-8-8-8zM904 784H120c-4.4 0-8 3.6-8 8v64c0 4.4 3.6 8 8 8h784c4.4 0 8-3.6 8-8v-64c0-4.4-3.6-8-8-8zM904 472H120c-4.4 0-8 3.6-8 8v64c0 4.4 3.6 8 8 8h784c4.4 0 8-3.6 8-8v-64c0-4.4-3.6-8-8-8z"
          p-id="7523"
        />
      </svg>
    </span>
  </div>
  <div
    class="fixed top-0 left-0 z-10 block w-full h-full transition-all transform-gpu bg-black"
    role="banner"
    style="opacity: 0;"
  />
</div>
`;
