// Jest Snapshot v1, https://goo.gl/fbAQLP

exports[`LandingNav should render routes correctly (snapshot) 1`] = `
<div>
  <nav
    class="fixed top-0 left-0 flex flex-col items-center justify-center w-full h-full transition-all transform-gpu duration-500 z-100 -translate-x-full"
    role="navigation"
  >
    <a
      class="block px-0 pt-0 pb-3 mx-6 mb-16 border-solid border-b-6 border-light text-4xl font-extrabold leading-none cursor-pointer text-light md:text-7xl transition-all transform-gpu scale-100 opacity-80 hover:opacity-100 hover:scale-110"
      href="/posts"
    >
      Posts
    </a>
    <a
      class="block px-0 pt-0 pb-3 mx-6 mb-16 border-solid border-b-6 border-light text-4xl font-extrabold leading-none cursor-pointer text-light md:text-7xl transition-all transform-gpu scale-100 opacity-80 hover:opacity-100 hover:scale-110"
      href="/tags"
    >
      Tags
    </a>
    <a
      class="block px-0 pt-0 pb-3 mx-6 mb-16 border-solid border-b-6 border-light text-4xl font-extrabold leading-none cursor-pointer text-light md:text-7xl transition-all transform-gpu scale-100 opacity-80 hover:opacity-100 hover:scale-110"
      href="/books"
    >
      Books
    </a>
    <a
      class="block px-0 pt-0 pb-3 mx-6 mb-16 border-solid border-b-6 border-light text-4xl font-extrabold leading-none cursor-pointer text-light md:text-7xl transition-all transform-gpu scale-100 opacity-80 hover:opacity-100 hover:scale-110"
      href="/about"
    >
      About
    </a>
  </nav>
  <div
    class="fixed bg-transparent border-none cursor-pointer top-12 left-12 z-100"
    role="button"
    tabindex="0"
  >
    <span
      aria-label="Hamburger"
      class="anticon text-lg font-extrabold md:text-4xl text-light"
      role="img"
    >
      <svg
        fill="currentColor"
        height="2em"
        p-id="7522"
        viewBox="0 0 1024 1024"
        width="2em"
      >
        <path
          d="M904 160H120c-4.4 0-8 3.6-8 8v64c0 4.4 3.6 8 8 8h784c4.4 0 8-3.6 8-8v-64c0-4.4-3.6-8-8-8zM904 784H120c-4.4 0-8 3.6-8 8v64c0 4.4 3.6 8 8 8h784c4.4 0 8-3.6 8-8v-64c0-4.4-3.6-8-8-8zM904 472H120c-4.4 0-8 3.6-8 8v64c0 4.4 3.6 8 8 8h784c4.4 0 8-3.6 8-8v-64c0-4.4-3.6-8-8-8z"
          p-id="7523"
        />
      </svg>
    </span>
  </div>
  <div
    class="fixed top-0 left-0 z-10 block w-full h-full transition-all transform-gpu bg-black bg-opacity-0"
    role="banner"
  />
</div>
`;
