// Jest Snapshot v1, https://goo.gl/fbAQLP

exports[`Drawer should render correctly (snapshot) 1`] = `
<div>
  <div>
    <div
      id="content"
    >
      <div
        class="ant-drawer ant-drawer-right ant-drawer-open font-extrabold text-dark"
        tabindex="-1"
      >
        <div
          class="ant-drawer-mask"
        />
        <div
          class="ant-drawer-content-wrapper"
          style="width: 378px;"
        >
          <div
            class="ant-drawer-content"
          >
            <div
              class="ant-drawer-wrapper-body"
            >
              <div
                class="ant-drawer-header"
              >
                <div
                  class="ant-drawer-header-title"
                >
                  <div
                    class="ant-drawer-title"
                  >
                    Drawer
                  </div>
                </div>
              </div>
              <div
                class="ant-drawer-body"
              >
                Drawer
              </div>
            </div>
          </div>
        </div>
      </div>
    </div>
    <div
      data-target-tag-name="DIV"
      id="target"
    />
  </div>
</div>
`;
