// Jest Snapshot v1, https://goo.gl/fbAQLP

exports[`postsList should render correctly (snapshot) 1`] = `
<div>
  <div
    class="ant-list ant-list-split mt-6"
  >
    <div
      class="ant-spin-nested-loading"
    >
      <div
        class="ant-spin-container"
      >
        <ul
          class="ant-list-items"
        >
          <li
            class="ant-list-item"
          >
            <div
              class="ant-list-item-meta"
            >
              <div
                class="ant-list-item-meta-content"
              >
                <h4
                  class="ant-list-item-meta-title"
                >
                  <a
                    class="link"
                    href="/post/1BasicNotes"
                  >
                    1 Basic Notes
                  </a>
                </h4>
              </div>
            </div>
          </li>
          <li
            class="ant-list-item"
          >
            <div
              class="ant-list-item-meta"
            >
              <div
                class="ant-list-item-meta-content"
              >
                <h4
                  class="ant-list-item-meta-title"
                >
                  <a
                    class="link"
                    href="/post/2BasicNotes"
                  >
                    2 Basic Notes
                  </a>
                </h4>
              </div>
            </div>
          </li>
          <li
            class="ant-list-item"
          >
            <div
              class="ant-list-item-meta"
            >
              <div
                class="ant-list-item-meta-content"
              >
                <h4
                  class="ant-list-item-meta-title"
                >
                  <a
                    class="link"
                    href="/post/3BasicNotes"
                  >
                    3 Basic Notes
                  </a>
                </h4>
              </div>
            </div>
          </li>
          <li
            class="ant-list-item"
          >
            <div
              class="ant-list-item-meta"
            >
              <div
                class="ant-list-item-meta-content"
              >
                <h4
                  class="ant-list-item-meta-title"
                >
                  <a
                    class="link"
                    href="/post/4BasicNotes"
                  >
                    4 Basic Notes
                  </a>
                </h4>
              </div>
            </div>
          </li>
          <li
            class="ant-list-item"
          >
            <div
              class="ant-list-item-meta"
            >
              <div
                class="ant-list-item-meta-content"
              >
                <h4
                  class="ant-list-item-meta-title"
                >
                  <a
                    class="link"
                    href="/post/5BasicNotes"
                  >
                    5 Basic Notes
                  </a>
                </h4>
              </div>
            </div>
          </li>
        </ul>
      </div>
    </div>
  </div>
</div>
`;
